재현이는 덴마크 사람이에요
재현이는 몇살이에요?
정현이니? 건강하게 자라줘서 고마워
재희니? 건강하게 자라줘서 고마워
