1은 참입니다.
'진짜'는 참입니다.
빈 문자열은 거짓입니다.
리스트는 참입니다.
참
거짓
